[zangsfilms.com/index.html]
[backblue.gif]
[fade.gif]
[index.html]
[maxcdn.bootstrapcdn.com/font-awesome/4.3.0/css/font-awesome.min.css]
[d3hturgrk6vd0p.cloudfront.net/javascripts/all-6e082198.js]
[code.jquery.com/jquery.min.js]
[connect.facebook.net/en_US/sdk.js]
[use.typekit.net/rfi5cbj.js]
[platform.twitter.com/widgets.js]
[zangsfilms.com/favicon.ico]
[pagead2.googlesyndication.com/pagead/js/f.txt]
[d3hturgrk6vd0p.cloudfront.net/images/zangs-films@2x-fd1341a3.png]
[zangsfilms.com/work/index.html]
[zangsfilms.com/gear/index.html]
[zangsfilms.com/services/index.html]
[d3hturgrk6vd0p.cloudfront.net/images/home/zangs-films-red-epic-century-150-600mm-small-0388dde1.jpg]
[zangsfilms.com/about/index.html]
[zangsfilms.com/contact/index.html]
[zangsfilms.com/blog/index.html]
[d3hturgrk6vd0p.cloudfront.net/images/home/zangs-films-freefly-alta-drone-small-89e3a0b3.jpg]
[www.google-analytics.com/analytics.js]
[zangsfilms.com/index.html]
[d3hturgrk6vd0p.cloudfront.net/images/menu-dropdown@2x-c5ba7c25.png]
[d3hturgrk6vd0p.cloudfront.net/stylesheets/style-8428a4c1.css]
[d3hturgrk6vd0p.cloudfront.net/stylesheets/magnific-popup-b380c109.css]
[maxcdn.bootstrapcdn.com/font-awesome/4.3.0/css/font-awesome.min.css]
[connect.facebook.net/en_US/sdk.js]
[d3hturgrk6vd0p.cloudfront.net/images/zangs-films-small@2x-244ef9f3.png]
[zangsfilms.com/work/index.html]
[d3hturgrk6vd0p.cloudfront.net/images/services/zangs-films-production-red-epic-db44c807.jpg]
[d3hturgrk6vd0p.cloudfront.net/images/services/zangs-films-production-red-dragon-dji-ronin-d90f1720.jpg]
[d3hturgrk6vd0p.cloudfront.net/images/services/zangs-films-production-red-dragon-19188df7.jpg]
[d3hturgrk6vd0p.cloudfront.net/images/services/zangs-films-post-production-1b2177b4.jpg]
[d3hturgrk6vd0p.cloudfront.net/images/services/zangs-films-stock-footage-library-c9d800d1.jpg]
[s3.amazonaws.com/assets.ninu/Nimia_rm_badge_250.png]
[zangsfilms.com/services/index.html]
[d3hturgrk6vd0p.cloudfront.net/images/gear/zangs-films-red-epic-century-150-600mm-2-212aabee.jpg]
[d3hturgrk6vd0p.cloudfront.net/images/gear/zangs-films-red-epic-century-150-600mm-3-39bcd97d.jpg]
[d3hturgrk6vd0p.cloudfront.net/images/gear/zangs-films-red-epic-dragon-f20f80f9.jpg]
[d3hturgrk6vd0p.cloudfront.net/images/gear/zangs-films-dji-ronin-red-epic-canon-16-35mm-1-8fbf3934.jpg]
[d3hturgrk6vd0p.cloudfront.net/images/gear/zangs-films-spl-waterhousing-red-epic-555d9918.jpg]
[d3hturgrk6vd0p.cloudfront.net/images/gear/zangs-films-freefly-alta-multirotor-camera-drone-2b82bcbf.jpg]
[zangsfilms.com/gear/index.html]
[d3hturgrk6vd0p.cloudfront.net/images/about/octave-zangs-cinematographer-dp-830a5006.jpg]
[d3hturgrk6vd0p.cloudfront.net/images/about/jason-fitzgibbon-photographer-96d405a0.jpg]
[d3hturgrk6vd0p.cloudfront.net/images/about/tevai-humbert-drone-pilot-0d050a84.jpg]
[zangsfilms.com/about/index.html]
[zangsfilms.com/cdn-cgi/l/email-protection.html]
[zangsfilms.com/contact/index.html]
[zangsfilms.com/cdn-cgi/scripts/5c5dd728/cloudflare-static/email-decode.min.js]
[d3hturgrk6vd0p.cloudfront.net/blog/2016/11/our-land-traversing-oregon-behind-the-scenes/our-land-traversing-oregon-still-2-d6eb28ee.jpg]
[zangsfilms.com/blog/2016/11/our-land-traversing-oregon-behind-the-scenes/index.html]
[d3hturgrk6vd0p.cloudfront.net/blog/2016/11/our-land-traversing-oregon-behind-the-scenes/our-land-traversing-oregon-still-7-8acf1fc8.jpg]
[d3hturgrk6vd0p.cloudfront.net/blog/2016/11/our-land-traversing-oregon-behind-the-scenes/our-land-traversing-oregon-bts-6-2412344a.jpg]
[d3hturgrk6vd0p.cloudfront.net/blog/2016/11/our-land-traversing-oregon-behind-the-scenes/our-land-traversing-oregon-bts-4-f41f0b8f.jpg]
[d3hturgrk6vd0p.cloudfront.net/blog/2016/11/our-land-traversing-oregon-behind-the-scenes/our-land-traversing-oregon-bts-2-6406e735.jpg]
[d3hturgrk6vd0p.cloudfront.net/blog/2016/11/our-land-traversing-oregon-behind-the-scenes/our-land-traversing-oregon-bts-1-10561765.jpg]
[d3hturgrk6vd0p.cloudfront.net/blog/2016/11/our-land-traversing-oregon-behind-the-scenes/our-land-traversing-oregon-bts-3-1f1ae850.jpg]
[d3hturgrk6vd0p.cloudfront.net/blog/2016/11/our-land-traversing-oregon-behind-the-scenes/our-land-traversing-oregon-bts-5-d6f43a0f.jpg]
[d3hturgrk6vd0p.cloudfront.net/blog/2016/11/our-land-traversing-oregon-behind-the-scenes/our-land-traversing-oregon-still-1-c507c5c1.jpg]
[d3hturgrk6vd0p.cloudfront.net/blog/2016/11/our-land-traversing-oregon-behind-the-scenes/our-land-traversing-oregon-still-19-72778483.jpg]
[d3hturgrk6vd0p.cloudfront.net/blog/2016/11/our-land-traversing-oregon-behind-the-scenes/our-land-traversing-oregon-still-18-0d8f0ca3.jpg]
[d3hturgrk6vd0p.cloudfront.net/blog/2015/10/the-last-great-place-behind-the-scenes/jason-fitzgibbon-zangs-films-the-last-great-place-montana-6ff146eb.jpg]
[zangsfilms.com/blog/2015/10/the-last-great-place-behind-the-scenes/index.html]
[d3hturgrk6vd0p.cloudfront.net/blog/2015/10/the-last-great-place-behind-the-scenes/jason-fitzgibbon-zangs-films-the-last-great-place-msr-tent-sunset-09f410e3.jpg]
[d3hturgrk6vd0p.cloudfront.net/blog/2015/10/the-last-great-place-behind-the-scenes/jason-fitzgibbon-zangs-films-the-last-great-place-red-dragon-dji-ronin-d90f1720.jpg]
[d3hturgrk6vd0p.cloudfront.net/blog/2015/10/the-last-great-place-behind-the-scenes/jason-fitzgibbon-zangs-films-the-last-great-place-red-epic-dragon-571f4b5d.jpg]
[d3hturgrk6vd0p.cloudfront.net/blog/2015/10/the-last-great-place-behind-the-scenes/jason-fitzgibbon-zangs-films-the-last-great-place-dji-phantom-3-professional-31e6c219.jpg]
[d3hturgrk6vd0p.cloudfront.net/blog/2015/10/the-last-great-place-behind-the-scenes/zangs-films-the-last-great-place-frame-grab-1-73e539d0.jpg]
[d3hturgrk6vd0p.cloudfront.net/blog/2015/10/the-last-great-place-behind-the-scenes/zangs-films-the-last-great-place-frame-grab-2-01fae0a3.jpg]
[d3hturgrk6vd0p.cloudfront.net/blog/2015/10/the-last-great-place-behind-the-scenes/zangs-films-the-last-great-place-frame-grab-5-347d0016.jpg]
[d3hturgrk6vd0p.cloudfront.net/blog/2015/10/the-last-great-place-behind-the-scenes/zangs-films-the-last-great-place-frame-grab-4-650e7fb6.jpg]
[d3hturgrk6vd0p.cloudfront.net/blog/2015/10/the-last-great-place-behind-the-scenes/zangs-films-the-last-great-place-frame-grab-3-f077c4ab.jpg]
[d3hturgrk6vd0p.cloudfront.net/blog/2015/10/the-last-great-place-behind-the-scenes/zangs-films-the-last-great-place-frame-grab-6-f5a2f74d.jpg]
[d3hturgrk6vd0p.cloudfront.net/blog/2015/03/the-deepest-valley-behind-the-scenes/jason-fitzgibbon-zangs-films-owens-river-ea163521.jpg]
[zangsfilms.com/blog/2015/03/the-deepest-valley-behind-the-scenes/index.html]
[d3hturgrk6vd0p.cloudfront.net/blog/2015/03/the-deepest-valley-behind-the-scenes/jason-fitzgibbon-zangs-films-fly-rods-7a067889.jpg]
[d3hturgrk6vd0p.cloudfront.net/blog/2015/03/the-deepest-valley-behind-the-scenes/zangs-films-red-epic-dragon-trost-m-series-slider-owens-river-36adde5e.jpg]
[d3hturgrk6vd0p.cloudfront.net/blog/2015/03/the-deepest-valley-behind-the-scenes/zangs-films-crew-owens-river-2-f41cbd26.jpg]
[d3hturgrk6vd0p.cloudfront.net/blog/2015/03/the-deepest-valley-behind-the-scenes/zangs-films-crew-owens-river-abc583fe.jpg]
[d3hturgrk6vd0p.cloudfront.net/blog/2015/03/the-deepest-valley-behind-the-scenes/zangs-films-crew-owens-river-4-c97209c3.jpg]
[d3hturgrk6vd0p.cloudfront.net/blog/2015/03/the-deepest-valley-behind-the-scenes/zangs-films-aerial-cinematography-4777e667.jpg]
[d3hturgrk6vd0p.cloudfront.net/blog/2015/03/the-deepest-valley-behind-the-scenes/zangs-films-red-epic-dragon-trost-m-series-slider-17192669.jpg]
[d3hturgrk6vd0p.cloudfront.net/blog/2015/03/the-deepest-valley-behind-the-scenes/zangs-films-red-epic-dragon-fstop-satori-exp-bag-f65ee555.jpg]
[d3hturgrk6vd0p.cloudfront.net/blog/2015/03/the-deepest-valley-behind-the-scenes/jason-fitzgibbon-zangs-films-red-epic-dragon-owens-river-d0b2837e.jpg]
[d3hturgrk6vd0p.cloudfront.net/blog/2015/03/the-deepest-valley-behind-the-scenes/zangs-films-ford-f150-eastern-sierra-94c52c4e.jpg]
[zangsfilms.com/blog/index.html]
[zangsfilms.com/cdn-cgi/l/email-protection.html]
[zangsfilms.com/blog/2016/11/our-land-traversing-oregon-behind-the-scenes/index.html]
[zangsfilms.com/blog/2015/10/the-last-great-place-behind-the-scenes/index.html]
[zangsfilms.com/blog/2015/03/the-deepest-valley-behind-the-scenes/index.html]
